// Jest Snapshot v1, https://goo.gl/fbAQLP

exports[`testing en <FirstApp2> testing for consumir el maatch en el snapshot  1`] = `undefined`;
